Microchip MPLAB XC8 Compiler V2.36

Linker command line:

-W-3 --edf=C:\Program Files\Microchip\xc8\v2.36\pic\dat\en_msgs.txt -cn \
  -h+dist/default/production\CAN_code.X.production.sym \
  --cmf=dist/default/production\CAN_code.X.production.cmf -z -Q18F97J94 \
  -oC:\Users\aurer\AppData\Local\Temp\xcAsqjk.4 --defsym=__MPLAB_BUILD=1 \
  -Mdist/default/production/CAN_code.X.production.map \
  --md=C:\Users\aurer\AppData\Local\Temp\xcAsqjk.dat -E1 -ver=XC8 Compiler \
  --acfsm=1493 -ACODE=00h-01FFEFh -ACONST=00h-01FFEFh \
  -ASMALLCONST=0E00h-0EFFhx497,01FF00h-01FFEFh \
  -AMEDIUMCONST=0E00h-0FFFFh,010E00h-01FFEFh -ACOMRAM=01h-05Fh \
  -AABS1=00h-0DF9h -ABIGRAM=01h-0DF9h \
  -ARAM=060h-0FFh,0100h-01FFhx12,0D00h-0DF9h -ABANK0=060h-0FFh \
  -ABANK1=0100h-01FFh -ABANK2=0200h-02FFh -ABANK3=0300h-03FFh \
  -ABANK4=0400h-04FFh -ABANK5=0500h-05FFh -ABANK6=0600h-06FFh \
  -ABANK7=0700h-07FFh -ABANK8=0800h-08FFh -ABANK9=0900h-09FFh \
  -ABANK10=0A00h-0AFFh -ABANK11=0B00h-0BFFh -ABANK12=0C00h-0CFFh \
  -ABANK13=0D00h-0DF9h \
  -ASFR=0DFAh-0DFFh,0E00h-0EFFh,0F00h-0F5Fh,0F60h-0FFFh \
  -ABIGSFR=0DFAh-0FFFh -ACONFIG=01FFF0h-01FFFFh \
  -preset_vec=00h,intcode,intcodelo,powerup,init -pramtop=0E00h \
  -psmallconst=SMALLCONST -pmediumconst=MEDIUMCONST -pconst=CONST \
  -AFARRAM=00h-00h -pjflash_buffer=01FBF8h \
  -prdata=COMRAM,nvrram=COMRAM,nvbit=COMRAM,rbss=COMRAM,rbit=COMRAM \
  -pfarbss=FARRAM,fardata=FARRAM,nvFARRAM=FARRAM \
  -pintsave_regs=BIGRAM,bigbss=BIGRAM,bigdata=BIGRAM -pbss=RAM \
  -pidata=CODE,irdata=CODE,ibigdata=CODE,ifardata=CODE -prparam=COMRAM \
  C:\Users\aurer\AppData\Local\Temp\xcAsqjk.o \
  dist/default/production\CAN_code.X.production.o 

Object code version is 3.11

Machine type is 18F97J94



                Name                               Link     Load   Length Selector   Space Scale
C:\Users\aurer\AppData\Local\Temp\xcAsqjk.o
                config                            1FFF0    1FFF0       10        0       4
                init                                  0        0        4        0       0
dist/default/production\CAN_code.X.production.o
                config                            1FFF0    1FFF0       10        0       4
                mediumconst                        EA56     EA56     15AA     752B       0
                text9                             10312    10312       3C     8000       0
                text8                             102D6    102D6       3C     8000       0
                text7                             10290    10290       46     8000       0
                text6                             103E0    103E0       12     8000       0
                text5                             103CE    103CE       12     8000       0
                text4                             10240    10240       50     8000       0
                text3                             103A6    103A6       28     8000       0
                text2                             10000    10000      240     8000       0
                text1                             103F2    103F2        8     8000       0
                text0                             1034E    1034E       30     8000       0
                cstackCOMRAM                          6        6        5        1       1
                bssBANK2                            200      200       C8      200       1
                bssBANK1                            100      100       C8      100       1
                bssCOMRAM                             1        1        5        1       1
                cinit                             1037E    1037E       28     8000       0

TOTAL           Name                               Link     Load   Length     Space
        CLASS   CODE           
                init                                  0        0        4         0
                text9                             10312    10312       3C         0
                text8                             102D6    102D6       3C         0
                text7                             10290    10290       46         0
                text6                             103E0    103E0       12         0
                text5                             103CE    103CE       12         0
                text4                             10240    10240       50         0
                text3                             103A6    103A6       28         0
                text2                             10000    10000      240         0
                text1                             103F2    103F2        8         0
                text0                             1034E    1034E       30         0
                cinit                             1037E    1037E       28         0

        CLASS   CONST          

        CLASS   SMALLCONST     

        CLASS   MEDIUMCONST    
                mediumconst                        EA56     EA56     15AA         0

        CLASS   COMRAM         
                cstackCOMRAM                          6        6        5         1
                bssCOMRAM                             1        1        5         1

        CLASS   ABS1           

        CLASS   BIGRAM         

        CLASS   RAM            

        CLASS   BANK0          

        CLASS   BANK1          
                bssBANK1                            100      100       C8         1

        CLASS   BANK2          
                bssBANK2                            200      200       C8         1

        CLASS   BANK3          

        CLASS   BANK4          

        CLASS   BANK5          

        CLASS   BANK6          

        CLASS   BANK7          

        CLASS   BANK8          

        CLASS   BANK9          

        CLASS   BANK10         

        CLASS   BANK11         

        CLASS   BANK12         

        CLASS   BANK13         

        CLASS   SFR            

        CLASS   BIGSFR         

        CLASS   CONFIG         
                config                            1FFF0    1FFF0       10         4

        CLASS   FARRAM         

        CLASS   HEAP           

        CLASS   STACK          

        CLASS   IDLOC          



SEGMENTS        Name                           Load    Length   Top    Selector   Space  Class

                reset_vec                      000000  000004  000004         0       0  CODE    
                bssCOMRAM                      000001  00000A  00000B         1       1  COMRAM  
                bssBANK1                       000100  0000C8  0001C8       100       1  BANK1   
                bssBANK2                       000200  0000C8  0002C8       200       1  BANK2   
                mediumconst                    00EA56  0015AA  010000      752B       0  MEDIUMCO
                text2                          010000  0003FA  0103FA      8000       0  CODE    


UNUSED ADDRESS RANGES

        Name                Unused          Largest block    Delta
        BANK0            00060-000FF              A0
        BANK1            001C8-001FF              38
        BANK10           00A00-00AFF             100
        BANK11           00B00-00BFF             100
        BANK12           00C00-00CFF             100
        BANK13           00D00-00DF9              FA
        BANK2            002C8-002FF              38
        BANK3            00300-003FF             100
        BANK4            00400-004FF             100
        BANK5            00500-005FF             100
        BANK6            00600-006FF             100
        BANK7            00700-007FF             100
        BANK8            00800-008FF             100
        BANK9            00900-009FF             100
        BIGRAM           0000B-000FF              F5
                         001C8-001FF              38
                         002C8-00DF9             B32
        BIGSFR           00DFA-00FFF             206
        CODE             00004-0EA55            EA52
                         103FA-1FFEF            FBF6
        COMRAM           0000B-0005F              55
        CONST            00004-0EA55            EA52
                         103FA-1FFEF            FBF6
        MEDIUMCONST      00E00-0EA55            DC56
                         10E00-1FFEF            F1F0
        RAM              00060-000FF              A0
                         001C8-001FF              38
                         002C8-00DF9             100
        SFR              00DFA-00FFF             100
        SMALLCONST       00E00-0EA55             100
                         103FA-1FFEF             100

                                  Symbol Table

LCD_2x16_WriteCmd@command                  cstackCOMRAM  00006
LCD_2x16_WriteData@command                 cstackCOMRAM  00006
LCD_2x16_WriteMsg@line                     cstackCOMRAM  00009
LCD_2x16_WriteMsg@msg                      cstackCOMRAM  00007
LCD_Backlight@intenisty                    cstackCOMRAM  00007
LCD_WriteCmd@command                       cstackCOMRAM  00006
LCD_WriteData@data                         cstackCOMRAM  00006
Lcd_Init@lcdChoice                         cstackCOMRAM  0000A
_ACKDT1                                    (abs)         07E2D
_ACKEN1                                    (abs)         07E2C
_BitReverseTable256                        mediumconst   0EC57
_GIE                                       (abs)         07F97
_IOCIE                                     (abs)         07F93
_IOCIF                                     (abs)         07F90
_IOCN                                      (abs)         00F55
_LATGbits                                  (abs)         00F8F
_LATJbits                                  (abs)         00F91
_LATL                                      (abs)         00EE5
_LATLbits                                  (abs)         00EE5
_LCD_2x16_WriteCmd                         text9         10312
_LCD_2x16_WriteData                        text8         102D6
_LCD_2x16_WriteMsg                         text7         10290
_LCD_Backlight                             text4         10240
_LCD_TouchInit                             text3         103A6
_LCD_WriteCmd                              text6         103E0
_LCD_WriteData                             text5         103CE
_Lcd_Init                                  text2         10000
_OSCCON3                                   (abs)         00F65
_PEIE                                      (abs)         07F96
_PEN1                                      (abs)         07E2A
_PORTEbits                                 (abs)         00F84
_PORTH                                     (abs)         00F87
_PORTK                                     (abs)         00EE7
_RCEN1                                     (abs)         07E2B
_RPINR12_13bits                            (abs)         00E30
_RPINR18_19                                (abs)         00E33
_RPINR8_9bits                              (abs)         00E2E
_RPOR20_21bits                             (abs)         00E1C
_RPOR22_23bits                             (abs)         00E1D
_RPOR24_25bits                             (abs)         00E1E
_RPOR26_27bits                             (abs)         00E1F
_SEN1                                      (abs)         07E28
_SSP1ADD                                   (abs)         00FC8
_SSP1BUF                                   (abs)         00FC9
_SSP1CON1                                  (abs)         00FC6
_SSP1CON1bits                              (abs)         00FC6
_SSP1IF                                    (abs)         07CF3
_SSP1STATbits                              (abs)         00FC7
_SSP2BUF                                   (abs)         00F03
_SSP2CON1bits                              (abs)         00F19
_SSP2STATbits                              (abs)         00F1A
_TRISDbits                                 (abs)         00F95
_TRISGbits                                 (abs)         00F98
_TRISH                                     (abs)         00F99
_TRISJbits                                 (abs)         00F9A
_TRISK                                     (abs)         00EE9
_TRISL1                                    (abs)         07731
_TRISL2                                    (abs)         07732
_TRISL3                                    (abs)         07733
_TRISL4                                    (abs)         07734
_TRISL5                                    (abs)         07735
_TRISLbits                                 (abs)         00EE6
__HRAM                                     (abs)         00000
__Habs1                                    abs1          00000
__Hbank0                                   bank0         00000
__Hbank1                                   bank1         00000
__Hbank10                                  bank10        00000
__Hbank11                                  bank11        00000
__Hbank12                                  bank12        00000
__Hbank13                                  bank13        00000
__Hbank2                                   bank2         00000
__Hbank3                                   bank3         00000
__Hbank4                                   bank4         00000
__Hbank5                                   bank5         00000
__Hbank6                                   bank6         00000
__Hbank7                                   bank7         00000
__Hbank8                                   bank8         00000
__Hbank9                                   bank9         00000
__Hbigbss                                  bigbss        00000
__Hbigdata                                 bigdata       00000
__Hbigram                                  bigram        00000
__Hbigsfr                                  bigsfr        00000
__Hbss                                     bss           00000
__HbssBANK1                                bssBANK1      00000
__HbssBANK2                                bssBANK2      00000
__HbssCOMRAM                               bssCOMRAM     00000
__Hcinit                                   cinit         00000
__Hclrtext                                 clrtext       00000
__Hcomram                                  comram        00000
__Hconfig                                  config        20000
__Hconst                                   const         00000
__HcstackCOMRAM                            cstackCOMRAM  00000
__Hdata                                    data          00000
__Hfarbss                                  farbss        00000
__Hfardata                                 fardata       00000
__Hheap                                    heap          00000
__Hibigdata                                ibigdata      00000
__Hidata                                   idata         00000
__Hidloc                                   idloc         00000
__Hifardata                                ifardata      00000
__Hinit                                    init          00004
__Hintcode                                 intcode       00000
__Hintcode_body                            intcode_body  00000
__Hintcodelo                               intcodelo     00000
__Hintentry                                intentry      00000
__Hintret                                  intret        00000
__Hintsave_regs                            intsave_regs  00000
__Hirdata                                  irdata        00000
__Hjflash_buffer                           jflash_buffer 1FBF8
__Hmediumconst                             mediumconst   10000
__HnvFARRAM                                nvFARRAM      00000
__Hnvbit                                   nvbit         00000
__Hnvrram                                  nvrram        00000
__Hparam                                   rparam        00000
__Hpowerup                                 powerup       00000
__Hram                                     ram           00000
__Hramtop                                  ramtop        00E00
__Hrbit                                    rbit          00000
__Hrbss                                    rbss          00000
__Hrdata                                   rdata         00000
__Hreset_vec                               reset_vec     00000
__Hrparam                                  rparam        00000
__Hsfr                                     sfr           00000
__Hsmallconst                              smallconst    00000
__Hspace_0                                 (abs)         1FBF8
__Hspace_1                                 (abs)         002C8
__Hspace_2                                 (abs)         00000
__Hspace_4                                 (abs)         3FFF0
__Hstack                                   stack         00000
__Hstruct                                  struct        00000
__Htemp                                    temp          00000
__Htext                                    text          00000
__Htext0                                   text0         00000
__Htext1                                   text1         00000
__Htext2                                   text2         00000
__Htext3                                   text3         00000
__Htext4                                   text4         00000
__Htext5                                   text5         00000
__Htext6                                   text6         00000
__Htext7                                   text7         00000
__Htext8                                   text8         00000
__Htext9                                   text9         00000
__LRAM                                     (abs)         00001
__Labs1                                    abs1          00000
__Lbank0                                   bank0         00000
__Lbank1                                   bank1         00000
__Lbank10                                  bank10        00000
__Lbank11                                  bank11        00000
__Lbank12                                  bank12        00000
__Lbank13                                  bank13        00000
__Lbank2                                   bank2         00000
__Lbank3                                   bank3         00000
__Lbank4                                   bank4         00000
__Lbank5                                   bank5         00000
__Lbank6                                   bank6         00000
__Lbank7                                   bank7         00000
__Lbank8                                   bank8         00000
__Lbank9                                   bank9         00000
__Lbigbss                                  bigbss        00000
__Lbigdata                                 bigdata       00000
__Lbigram                                  bigram        00000
__Lbigsfr                                  bigsfr        00000
__Lbss                                     bss           00000
__LbssBANK1                                bssBANK1      00000
__LbssBANK2                                bssBANK2      00000
__LbssCOMRAM                               bssCOMRAM     00000
__Lcinit                                   cinit         00000
__Lclrtext                                 clrtext       00000
__Lcomram                                  comram        00000
__Lconfig                                  config        00000
__Lconst                                   const         00000
__LcstackCOMRAM                            cstackCOMRAM  00000
__Ldata                                    data          00000
__Lfarbss                                  farbss        00000
__Lfardata                                 fardata       00000
__Lheap                                    heap          00000
__Libigdata                                ibigdata      00000
__Lidata                                   idata         00000
__Lidloc                                   idloc         00000
__Lifardata                                ifardata      00000
__Linit                                    init          00000
__Lintcode                                 intcode       00000
__Lintcode_body                            intcode_body  00000
__Lintcodelo                               intcodelo     00000
__Lintentry                                intentry      00000
__Lintret                                  intret        00000
__Lintsave_regs                            intsave_regs  00000
__Lirdata                                  irdata        00000
__Ljflash_buffer                           jflash_buffer 1FBF8
__Lmediumconst                             mediumconst   0EA56
__LnvFARRAM                                nvFARRAM      00000
__Lnvbit                                   nvbit         00000
__Lnvrram                                  nvrram        00000
__Lparam                                   rparam        00000
__Lpowerup                                 powerup       00000
__Lram                                     ram           00000
__Lramtop                                  ramtop        00E00
__Lrbit                                    rbit          00000
__Lrbss                                    rbss          00000
__Lrdata                                   rdata         00000
__Lreset_vec                               reset_vec     00000
__Lrparam                                  rparam        00000
__Lsfr                                     sfr           00000
__Lsmallconst                              smallconst    00000
__Lspace_0                                 (abs)         00000
__Lspace_1                                 (abs)         00000
__Lspace_2                                 (abs)         00000
__Lspace_4                                 (abs)         00000
__Lstack                                   stack         00000
__Lstruct                                  struct        00000
__Ltemp                                    temp          00000
__Ltext                                    text          00000
__Ltext0                                   text0         00000
__Ltext1                                   text1         00000
__Ltext2                                   text2         00000
__Ltext3                                   text3         00000
__Ltext4                                   text4         00000
__Ltext5                                   text5         00000
__Ltext6                                   text6         00000
__Ltext7                                   text7         00000
__Ltext8                                   text8         00000
__Ltext9                                   text9         00000
__S0                                       (abs)         103FA
__S1                                       (abs)         002C8
__S4                                       (abs)         00000
___extmem_base                             (abs)         20000
___heap_hi                                 (abs)         00000
___heap_lo                                 (abs)         00000
___inthi_sp                                stack         00000
___intlo_sp                                stack         00000
___param_bank                              (abs)         00000
___rparam_used                             (abs)         00001
___sp                                      stack         00000
__accesstop                                (abs)         00060
__activetblptr                             (abs)         00003
__end_of_BitReverseTable256                mediumconst   0ED57
__end_of_LCD_2x16_WriteCmd                 text9         1034E
__end_of_LCD_2x16_WriteData                text8         10312
__end_of_LCD_2x16_WriteMsg                 text7         102D6
__end_of_LCD_Backlight                     text4         10290
__end_of_LCD_TouchInit                     text3         103CE
__end_of_LCD_WriteCmd                      text6         103F2
__end_of_LCD_WriteData                     text5         103E0
__end_of_Lcd_Init                          text2         10240
__end_of__initialization                   cinit         103A0
__end_of_arialRoundedMTBold18ptBitmaps     mediumconst   0FEBF
__end_of_arialRoundedMTBold18ptDescriptors mediumconst   0FFDC
__end_of_arialRoundedMTBold18ptFontInfo    mediumconst   0EDD6
__end_of_canControlResetValues             mediumconst   0EDA7
__end_of_canFifoResetValues                mediumconst   0EDC7
__end_of_canFilterControlResetValue        mediumconst   0EDDA
__end_of_canFilterObjectResetValues        mediumconst   0EDCF
__end_of_crc16_table                       mediumconst   0EC57
__end_of_init_hw                           text1         103FA
__end_of_main                              text0         1037E
__end_of_mcp25xxfdControlResetValues       mediumconst   0EDBB
__initialization                           cinit         1037E
__mediumconst                              mediumconst   0EA56
__pbssBANK1                                bssBANK1      00100
__pbssBANK2                                bssBANK2      00200
__pbssCOMRAM                               bssCOMRAM     00001
__pcinit                                   cinit         1037E
__pcstackCOMRAM                            cstackCOMRAM  00006
__pmediumconst                             mediumconst   0EA56
__ptext0                                   text0         1034E
__ptext1                                   text1         103F2
__ptext2                                   text2         10000
__ptext3                                   text3         103A6
__ptext4                                   text4         10240
__ptext5                                   text5         103CE
__ptext6                                   text6         103E0
__ptext7                                   text7         10290
__ptext8                                   text8         102D6
__ptext9                                   text9         10312
__ramtop                                   ramtop        00E00
__smallconst                               smallconst    00000
_arialRoundedMTBold18ptFontInfo            mediumconst   0EDCF
_canControlResetValues                     mediumconst   0ED57
_canFifoResetValues                        mediumconst   0EDBB
_crc16_table                               mediumconst   0EA57
_csBitNr                                   bssCOMRAM     00004
_init_hw                                   text1         103F2
_lcd                                       bssCOMRAM     00005
_main                                      text0         1034E
_mcp25xxfdControlResetValues               mediumconst   0EDA7
_mikroNr                                   bssCOMRAM     00003
_ptrCS_SPI                                 bssCOMRAM     00001
_spiReceiveBuffer                          bssBANK2      00200
_spiTransmitBuffer                         bssBANK1      00100
end_of_initialization                      cinit         103A0
intlevel0                                  text          00000
intlevel1                                  text          00000
intlevel2                                  text          00000
intlevel3                                  text          00000
isa$std                                    (abs)         00001
isa$xinst                                  (abs)         00000
stackhi                                    (abs)         00000
stacklo                                    (abs)         00000
start                                      init          00000
start_initialization                       cinit         1037E


MODULE INFORMATION

Module		Function		Class		Link	Load	Size
lcd/lcd.c
		_Lcd_Init      		CODE           	10000	0000	576
		_LCD_2x16_WriteCmd		CODE           	10312	0000	60
		_LCD_2x16_WriteMsg		CODE           	10290	0000	70
		_LCD_2x16_WriteData		CODE           	102D6	0000	60
		_LCD_Backlight 		CODE           	10240	0000	80
		_LCD_TouchInit 		CODE           	103A6	0000	40
		_LCD_WriteCmd  		CODE           	103E0	0000	18
		_LCD_WriteData 		CODE           	103CE	0000	18

lcd/lcd.c estimated size: 922

shared
		_BitReverseTable256		MEDIUMCONST    	EC57	0000	256
		_canFilterControlResetValue		MEDIUMCONST    	0000	0000	0
		_arialRoundedMTBold18ptDescriptors		MEDIUMCONST    	0000	0000	0
		_canFifoResetValues		MEDIUMCONST    	EDBB	0000	12
		_canFilterObjectResetValues		MEDIUMCONST    	0000	0000	0
		_canControlResetValues		MEDIUMCONST    	ED57	0000	80
		_arialRoundedMTBold18ptFontInfo		MEDIUMCONST    	EDCF	0000	7
		__initialization		CODE           	1037E	0000	34
		_arialRoundedMTBold18ptBitmaps		MEDIUMCONST    	0000	0000	0
		_mcp25xxfdControlResetValues		MEDIUMCONST    	EDA7	0000	20
		_crc16_table   		MEDIUMCONST    	EA57	0000	512

shared estimated size: 921

main.c
		_init_hw       		CODE           	103F2	0000	8
		_main          		CODE           	1034E	0000	48

main.c estimated size: 56

